[    0.000000] Booting Linux on physical CPU 0x0000000000 [0x410fd034]
[    0.000000] Linux version 6.12.34+rpt-rpi-v8 (serge@raspberrypi.com) (aarch64-linux-gnu-gcc-12 (Debian 12.2.0-14+deb12u1) 12.2.0, GNU ld (GNU Binutils for Debian) 2.40) #1 SMP PREEMPT Debian 1:6.12.34-1+rpt1~bookworm (2025-06-26)
[    0.000000] KASLR enabled
[    0.000000] random: crng init done
[    0.000000] Machine model: Raspberry Pi Zero 2 W Rev 1.0
[    0.000000] efi: UEFI not found.
[    0.000000] Reserved memory: created CMA memory pool at 0x000000000b800000, size 256 MiB
[    0.000000] OF: reserved mem: initialized node linux,cma, compatible id shared-dma-pool
[    0.000000] OF: reserved mem: 0x000000000b800000..0x000000001b7fffff (262144 KiB) map reusable linux,cma
[    0.000000] NUMA: Faking a node at [mem 0x0000000000000000-0x000000001bffffff]
[    0.000000] NODE_DATA(0) allocated [mem 0x0b79c800-0x0b79f4ff]
[    0.000000] Zone ranges:
[    0.000000]   DMA      [mem 0x0000000000000000-0x000000001bffffff]
[    0.000000]   DMA32    empty
[    0.000000]   Normal   empty
[    0.000000] Movable zone start for each node
[    0.000000] Early memory node ranges
[    0.000000]   node   0: [mem 0x0000000000000000-0x000000001bffffff]
[    0.000000] Initmem setup node 0 [mem 0x0000000000000000-0x000000001bffffff]
[    0.000000] On node 0, zone DMA: 16384 pages in unavailable ranges
[    0.000000] percpu: Embedded 33 pages/cpu s95064 r8192 d31912 u135168
[    0.000000] pcpu-alloc: s95064 r8192 d31912 u135168 alloc=33*4096
[    0.000000] pcpu-alloc: [0] 0 [0] 1 [0] 2 [0] 3 
[    0.000000] Detected VIPT I-cache on CPU0
[    0.000000] CPU features: kernel page table isolation forced ON by KASLR
[    0.000000] CPU features: detected: Kernel page table isolation (KPTI)
[    0.000000] CPU features: detected: ARM erratum 843419
[    0.000000] CPU features: detected: ARM erratum 845719
[    0.000000] alternatives: applying boot alternatives
[    0.000000] Kernel command line: coherent_pool=1M 8250.nr_uarts=0 snd_bcm2835.enable_headphones=0 cgroup_disable=memory snd_bcm2835.enable_hdmi=1 snd_bcm2835.enable_hdmi=0  smsc95xx.macaddr=B8:27:EB:D9:6E:93 vc_mem.mem_base=0x1ec00000 vc_mem.mem_size=0x20000000  console=ttyS0,115200 console=tty1 root=PARTUUID=a4c761b6-02 rootfstype=ext4 fsck.repair=yes rootwait cfg80211.ieee80211_regdom=NA
[    0.000000] cgroup: Disabling memory control group subsystem
[    0.000000] Dentry cache hash table entries: 32768 (order: 6, 262144 bytes, linear)
[    0.000000] Inode-cache hash table entries: 16384 (order: 5, 131072 bytes, linear)
[    0.000000] Fallback order for Node 0: 0 
[    0.000000] Built 1 zonelists, mobility grouping on.  Total pages: 114688
[    0.000000] Policy zone: DMA
[    0.000000] mem auto-init: stack:all(zero), heap alloc:off, heap free:off
[    0.000000] SLUB: HWalign=64, Order=0-3, MinObjects=0, CPUs=4, Nodes=1
[    0.000000] ftrace: allocating 45267 entries in 177 pages
[    0.000000] ftrace: allocated 177 pages with 4 groups
[    0.000000] rcu: Preemptible hierarchical RCU implementation.
[    0.000000] rcu: 	RCU event tracing is enabled.
[    0.000000] 	Trampoline variant of Tasks RCU enabled.
[    0.000000] 	Rude variant of Tasks RCU enabled.
[    0.000000] 	Tracing variant of Tasks RCU enabled.
[    0.000000] rcu: RCU calculated value of scheduler-enlistment delay is 25 jiffies.
[    0.000000] RCU Tasks: Setting shift to 2 and lim to 1 rcu_task_cb_adjust=1 rcu_task_cpu_ids=4.
[    0.000000] RCU Tasks Rude: Setting shift to 2 and lim to 1 rcu_task_cb_adjust=1 rcu_task_cpu_ids=4.
[    0.000000] RCU Tasks Trace: Setting shift to 2 and lim to 1 rcu_task_cb_adjust=1 rcu_task_cpu_ids=4.
[    0.000000] NR_IRQS: 64, nr_irqs: 64, preallocated irqs: 0
[    0.000000] Root IRQ handler: bcm2836_arm_irqchip_handle_irq
[    0.000000] rcu: srcu_init: Setting srcu_struct sizes based on contention.
[    0.000000] arch_timer: cp15 timer(s) running at 19.20MHz (phys).
[    0.000000] clocksource: arch_sys_counter: mask: 0xffffffffffffff max_cycles: 0x46d987e47, max_idle_ns: 440795202767 ns
[    0.000001] sched_clock: 56 bits at 19MHz, resolution 52ns, wraps every 4398046511078ns
[    0.000256] Console: colour dummy device 80x25
[    0.000270] printk: legacy console [tty1] enabled
[    0.000895] Calibrating delay loop (skipped), value calculated using timer frequency.. 38.40 BogoMIPS (lpj=76800)
[    0.000927] pid_max: default: 32768 minimum: 301
[    0.001000] LSM: initializing lsm=capability
[    0.001175] Mount-cache hash table entries: 512 (order: 0, 4096 bytes, linear)
[    0.001203] Mountpoint-cache hash table entries: 512 (order: 0, 4096 bytes, linear)
[    0.003648] rcu: Hierarchical SRCU implementation.
[    0.003687] rcu: 	Max phase no-delay instances is 1000.
[    0.004004] Timer migration: 1 hierarchy levels; 8 children per group; 1 crossnode level
[    0.005177] EFI services will not be available.
[    0.005454] smp: Bringing up secondary CPUs ...
[    0.006044] Detected VIPT I-cache on CPU1
[    0.006153] CPU1: Booted secondary processor 0x0000000001 [0x410fd034]
[    0.007064] Detected VIPT I-cache on CPU2
[    0.007143] CPU2: Booted secondary processor 0x0000000002 [0x410fd034]
[    0.007896] Detected VIPT I-cache on CPU3
[    0.007971] CPU3: Booted secondary processor 0x0000000003 [0x410fd034]
[    0.008242] smp: Brought up 1 node, 4 CPUs
[    0.008328] SMP: Total of 4 processors activated.
[    0.008342] CPU: All CPU(s) started at EL2
[    0.008366] CPU features: detected: 32-bit EL0 Support
[    0.008380] CPU features: detected: 32-bit EL1 Support
[    0.008397] CPU features: detected: CRC32 instructions
[    0.008459] alternatives: applying system-wide alternatives
[    0.010009] Memory: 146608K/458752K available (14144K kernel code, 2406K rwdata, 4820K rodata, 5440K init, 577K bss, 45360K reserved, 262144K cma-reserved)
[    0.010484] devtmpfs: initialized
[    0.018918] Enabled cp15_barrier support
[    0.018967] Enabled setend support
[    0.019148] clocksource: jiffies: mask: 0xffffffff max_cycles: 0xffffffff, max_idle_ns: 7645041785100000 ns
[    0.019184] futex hash table entries: 1024 (order: 4, 65536 bytes, linear)
[    0.028863] 2G module region forced by RANDOMIZE_MODULE_REGION_FULL
[    0.028915] 0 pages in range for non-PLT usage
[    0.028921] 517376 pages in range for PLT usage
[    0.029159] pinctrl core: initialized pinctrl subsystem
[    0.029770] DMI not present or invalid.
[    0.032313] NET: Registered PF_NETLINK/PF_ROUTE protocol family
[    0.036538] DMA: preallocated 1024 KiB GFP_KERNEL pool for atomic allocations
[    0.036850] DMA: preallocated 1024 KiB GFP_KERNEL|GFP_DMA pool for atomic allocations
[    0.037290] DMA: preallocated 1024 KiB GFP_KERNEL|GFP_DMA32 pool for atomic allocations
[    0.037368] audit: initializing netlink subsys (disabled)
[    0.037635] audit: type=2000 audit(0.036:1): state=initialized audit_enabled=0 res=1
[    0.038171] thermal_sys: Registered thermal governor 'step_wise'
[    0.038223] cpuidle: using governor menu
[    0.038443] hw-breakpoint: found 6 breakpoint and 4 watchpoint registers.
[    0.038576] ASID allocator initialised with 32768 entries
[    0.039310] Serial: AMBA PL011 UART driver
[    0.043588] bcm2835-mbox 3f00b880.mailbox: mailbox enabled
[    0.052248] raspberrypi-firmware soc:firmware: Attached to firmware from 2025-04-30T13:35:18, variant start
[    0.056263] raspberrypi-firmware soc:firmware: Firmware hash is 5560078dcc8591a00f57b9068d13e5544aeef3aa
[    0.065498] bcm2835-dma 3f007000.dma-controller: DMA legacy API manager, dmachans=0x1
[    0.066504] iommu: Default domain type: Translated
[    0.066537] iommu: DMA domain TLB invalidation policy: strict mode
[    0.067846] SCSI subsystem initialized
[    0.068052] usbcore: registered new interface driver usbfs
[    0.068135] usbcore: registered new interface driver hub
[    0.068191] usbcore: registered new device driver usb
[    0.068553] pps_core: LinuxPPS API ver. 1 registered
[    0.068570] pps_core: Software ver. 5.3.6 - Copyright 2005-2007 Rodolfo Giometti <giometti@linux.it>
[    0.068604] PTP clock support registered
[    0.069916] vgaarb: loaded
[    0.070378] clocksource: Switched to clocksource arch_sys_counter
[    0.070818] VFS: Disk quotas dquot_6.6.0
[    0.070853] VFS: Dquot-cache hash table entries: 512 (order 0, 4096 bytes)
[    0.078731] NET: Registered PF_INET protocol family
[    0.078955] IP idents hash table entries: 4096 (order: 3, 32768 bytes, linear)
[    0.079701] tcp_listen_portaddr_hash hash table entries: 256 (order: 0, 4096 bytes, linear)
[    0.079780] Table-perturb hash table entries: 65536 (order: 6, 262144 bytes, linear)
[    0.079810] TCP established hash table entries: 2048 (order: 2, 16384 bytes, linear)
[    0.079852] TCP bind hash table entries: 2048 (order: 4, 65536 bytes, linear)
[    0.079936] TCP: Hash tables configured (established 2048 bind 2048)
[    0.080120] MPTCP token hash table entries: 256 (order: 0, 6144 bytes, linear)
[    0.080175] UDP hash table entries: 256 (order: 1, 8192 bytes, linear)
[    0.080211] UDP-Lite hash table entries: 256 (order: 1, 8192 bytes, linear)
[    0.080356] NET: Registered PF_UNIX/PF_LOCAL protocol family
[    0.080800] RPC: Registered named UNIX socket transport module.
[    0.080821] RPC: Registered udp transport module.
[    0.080835] RPC: Registered tcp transport module.
[    0.080849] RPC: Registered tcp-with-tls transport module.
[    0.080863] RPC: Registered tcp NFSv4.1 backchannel transport module.
[    0.080888] PCI: CLS 0 bytes, default 64
[    0.085708] kvm [1]: nv: 554 coarse grained trap handlers
[    0.086229] kvm [1]: IPA Size Limit: 40 bits
[    0.086584] Trying to unpack rootfs image as initramfs...
[    0.091750] kvm [1]: Hyp nVHE mode initialized successfully
[    0.449573] Freeing initrd memory: 7496K
[    1.205501] Initialise system trusted keyrings
[    1.205849] workingset: timestamp_bits=42 max_order=17 bucket_order=0
[    1.206678] NFS: Registering the id_resolver key type
[    1.206720] Key type id_resolver registered
[    1.206735] Key type id_legacy registered
[    1.206770] nfs4filelayout_init: NFSv4 File Layout Driver Registering...
[    1.206790] nfs4flexfilelayout_init: NFSv4 Flexfile Layout Driver Registering...
[    1.207470] Key type asymmetric registered
[    1.207491] Asymmetric key parser 'x509' registered
[    1.207559] Block layer SCSI generic (bsg) driver version 0.4 loaded (major 247)
[    1.207762] io scheduler mq-deadline registered
[    1.207780] io scheduler kyber registered
[    1.207820] io scheduler bfq registered
[    1.209758] pinctrl-bcm2835 3f200000.gpio: GPIO_OUT persistence: yes
[    1.214563] ledtrig-cpu: registered to indicate activity on CPUs
[    1.216589] simple-framebuffer 1eaa9000.framebuffer: framebuffer at 0x1eaa9000, 0x151800 bytes
[    1.216640] simple-framebuffer 1eaa9000.framebuffer: format=a8r8g8b8, mode=720x480x32, linelength=2880
[    1.219254] Console: switching to colour frame buffer device 90x30
[    1.222569] simple-framebuffer 1eaa9000.framebuffer: fb0: simplefb registered!
[    1.227725] bcm2835-rng 3f104000.rng: hwrng registered
[    1.229118] vc-mem: phys_addr:0x00000000 mem_base=0x1ec00000 mem_size:0x20000000(512 MiB)
[    1.240784] brd: module loaded
[    1.247124] loop: module loaded
[    1.248845] Loading iSCSI transport class v2.0-870.
[    1.253726] usbcore: registered new interface driver lan78xx
[    1.254976] usbcore: registered new interface driver smsc95xx
[    1.256276] dwc_otg: version 3.00a 10-AUG-2012 (platform bus)
[    1.985354] Core Release: 2.80a
[    1.986433] Setting default values for core params
[    1.987517] Finished setting default values for core params
[    2.188791] Using Buffer DMA mode
[    2.189826] Periodic Transfer Interrupt Enhancement - disabled
[    2.190890] Multiprocessor Interrupt Enhancement - disabled
[    2.191967] OTG VER PARAM: 0, OTG VER FLAG: 0
[    2.193059] Dedicated Tx FIFOs mode
[    2.196189] INFO:: FIQ DMA bounce buffers: virt = ffffffc080ccb000 dma = 0x00000000cbc00000 len=9024
[    2.198415] FIQ FSM acceleration enabled for :
               Non-periodic Split Transactions
               Periodic Split Transactions
               High-Speed Isochronous Endpoints
               Interrupt/Control Split Transaction hack enabled
[    2.203453] dwc_otg: Microframe scheduler enabled
[    2.203501] INFO:: MPHI regs_base at ffffffc08006d000
[    2.204516] dwc_otg 3f980000.usb: DWC OTG Controller
[    2.205486] dwc_otg 3f980000.usb: new USB bus registered, assigned bus number 1
[    2.206462] dwc_otg 3f980000.usb: irq 74, io mem 0x00000000
[    2.207435] Init: Port Power? op_state=1
[    2.208375] Init: Power Port (0)
[    2.209474] usb usb1: New USB device found, idVendor=1d6b, idProduct=0002, bcdDevice= 6.12
[    2.211433] usb usb1: New USB device strings: Mfr=3, Product=2, SerialNumber=1
[    2.212485] usb usb1: Product: DWC OTG Controller
[    2.213515] usb usb1: Manufacturer: Linux 6.12.34+rpt-rpi-v8 dwc_otg_hcd
[    2.214580] usb usb1: SerialNumber: 3f980000.usb
[    2.216143] hub 1-0:1.0: USB hub found
[    2.217193] hub 1-0:1.0: 1 port detected
[    2.218668] dwc_otg: FIQ enabled
[    2.218675] dwc_otg: NAK holdoff enabled
[    2.218680] dwc_otg: FIQ split-transaction FSM enabled
[    2.218692] Module dwc_common_port init
[    2.219720] usbcore: registered new interface driver uas
[    2.220801] usbcore: registered new interface driver usb-storage
[    2.222156] mousedev: PS/2 mouse device common for all mice
[    2.225083] sdhci: Secure Digital Host Controller Interface driver
[    2.226094] sdhci: Copyright(c) Pierre Ossman
[    2.227261] sdhci-pltfm: SDHCI platform and OF driver helper
[    2.228536] hid: raw HID events driver (C) Jiri Kosina
[    2.229644] usbcore: registered new interface driver usbhid
[    2.230647] usbhid: USB HID core driver
[    2.231730] bcm2835_vchiq 3f00b840.mailbox: there is not valid maps for state default
[    2.236969] hw perfevents: enabled with armv8_cortex_a53 PMU driver, 7 (0,8000003f) counters available
[    2.240048] NET: Registered PF_PACKET protocol family
[    2.241225] Key type dns_resolver registered
[    2.264913] registered taskstats version 1
[    2.266188] Loading compiled-in X.509 certificates
[    2.275561] Demotion targets for Node 0: null
[    2.277401] Key type .fscrypt registered
[    2.278432] Key type fscrypt-provisioning registered
[    2.288296] uart-pl011 3f201000.serial: cts_event_workaround enabled
[    2.289735] 3f201000.serial: ttyAMA1 at MMIO 0x3f201000 (irq = 99, base_baud = 0) is a PL011 rev2
[    2.292006] serial serial0: tty port ttyAMA1 registered
[    2.294708] bcm2835-wdt bcm2835-wdt: Broadcom BCM2835 watchdog timer
[    2.296466] bcm2835-power bcm2835-power: Broadcom BCM2835 power domains driver
[    2.298679] mmc-bcm2835 3f300000.mmcnr: mmc_debug:0 mmc_debug2:0
[    2.299814] mmc-bcm2835 3f300000.mmcnr: DMA channel allocated
[    2.326610] of_cfs_init
[    2.327823] of_cfs_init: OK
[    2.329085] clk: Disabling unused clocks
[    2.330498] PM: genpd: Disabling unused power domains
[    2.399765] sdhost-bcm2835 3f202000.mmc: loaded - DMA enabled (>1)
[    2.408485] Freeing unused kernel memory: 5440K
[    2.409696] Run /init as init process
[    2.410724]   with arguments:
[    2.410730]     /init
[    2.410735]   with environment:
[    2.410739]     HOME=/
[    2.410744]     TERM=linux
[    2.439854] mmc1: new high speed SDIO card at address 0001
[    2.466923] mmc0: host does not support reading read-only switch, assuming write-enable
[    2.470573] mmc0: new high speed SDHC card at address 0001
[    2.472515] mmcblk0: mmc0:0001 asdfg 14.6 GiB
[    2.475794]  mmcblk0: p1 p2
[    2.477341] mmcblk0: mmc0:0001 asdfg 14.6 GiB
[    2.945328] Console: switching to colour dummy device 80x25
[    2.951840] vc4-drm soc:gpu: bound 3f400000.hvs (ops vc4_hvs_ops [vc4])
[    4.500667] EXT4-fs (mmcblk0p2): mounted filesystem d4cc7d63-da78-48ad-9bdd-64ffbba449a8 ro with ordered data mode. Quota mode: none.
[    5.205819] systemd[1]: System time before build time, advancing clock.
[    5.373026] NET: Registered PF_INET6 protocol family
[    5.374173] Segment Routing with IPv6
[    5.374234] In-situ OAM (IOAM) with IPv6
[    5.449116] systemd[1]: systemd 252.39-1~deb12u1 running in system mode (+PAM +AUDIT +SELINUX +APPARMOR +IMA +SMACK +SECCOMP +GCRYPT -GNUTLS +OPENSSL +ACL +BLKID +CURL +ELFUTILS +FIDO2 +IDN2 -IDN +IPTC +KMOD +LIBCRYPTSETUP +LIBFDISK +PCRE2 -PWQUALITY +P11KIT +QRENCODE +TPM2 +BZIP2 +LZ4 +XZ +ZLIB +ZSTD -BPF_FRAMEWORK -XKBCOMMON +UTMP +SYSVINIT default-hierarchy=unified)
[    5.449202] systemd[1]: Detected architecture arm64.
[    5.466973] systemd[1]: Hostname set to <rap>.
[    6.286448] systemd[1]: Queued start job for default target multi-user.target.
[    6.333031] systemd[1]: Created slice system-getty.slice - Slice /system/getty.
[    6.334920] systemd[1]: Created slice system-modprobe.slice - Slice /system/modprobe.
[    6.336504] systemd[1]: Created slice system-systemd\x2dfsck.slice - Slice /system/systemd-fsck.
[    6.337561] systemd[1]: Created slice user.slice - User and Session Slice.
[    6.338085] systemd[1]: Started systemd-ask-password-console.path - Dispatch Password Requests to Console Directory Watch.
[    6.338567] systemd[1]: Started systemd-ask-password-wall.path - Forward Password Requests to Wall Directory Watch.
[    6.339461] systemd[1]: Set up automount proc-sys-fs-binfmt_misc.automount - Arbitrary Executable File Formats File System Automount Point.
[    6.339789] systemd[1]: Expecting device dev-disk-by\x2dpartuuid-a4c761b6\x2d01.device - /dev/disk/by-partuuid/a4c761b6-01...
[    6.340043] systemd[1]: Reached target cryptsetup.target - Local Encrypted Volumes.
[    6.340295] systemd[1]: Reached target integritysetup.target - Local Integrity Protected Volumes.
[    6.340629] systemd[1]: Reached target paths.target - Path Units.
[    6.340936] systemd[1]: Reached target slices.target - Slice Units.
[    6.341206] systemd[1]: Reached target swap.target - Swaps.
[    6.341459] systemd[1]: Reached target veritysetup.target - Local Verity Protected Volumes.
[    6.342237] systemd[1]: Listening on systemd-fsckd.socket - fsck to fsckd communication Socket.
[    6.342844] systemd[1]: Listening on systemd-initctl.socket - initctl Compatibility Named Pipe.
[    6.344179] systemd[1]: Listening on systemd-journald-audit.socket - Journal Audit Socket.
[    6.345067] systemd[1]: Listening on systemd-journald-dev-log.socket - Journal Socket (/dev/log).
[    6.345853] systemd[1]: Listening on systemd-journald.socket - Journal Socket.
[    6.346853] systemd[1]: Listening on systemd-udevd-control.socket - udev Control Socket.
[    6.347545] systemd[1]: Listening on systemd-udevd-kernel.socket - udev Kernel Socket.
[    6.348376] systemd[1]: dev-hugepages.mount - Huge Pages File System was skipped because of an unmet condition check (ConditionPathExistsIf=/sys/kernel/mm/hugepages).
[    6.351552] systemd[1]: Mounting dev-mqueue.mount - POSIX Message Queue File System...
[    6.355690] systemd[1]: Mounting sys-kernel-debug.mount - Kernel Debug File System...
[    6.360171] systemd[1]: Mounting sys-kernel-tracing.mount - Kernel Trace File System...
[    6.361234] systemd[1]: auth-rpcgss-module.service - Kernel Module supporting RPCSEC_GSS was skipped because of an unmet condition check (ConditionPathExists=/etc/krb5.keytab).
[    6.367191] systemd[1]: Starting fake-hwclock.service - Restore / save the current clock...
[    6.371812] systemd[1]: Starting keyboard-setup.service - Set the console keyboard layout...
[    6.377311] systemd[1]: Starting kmod-static-nodes.service - Create List of Static Device Nodes...
[    6.383878] systemd[1]: Starting modprobe@configfs.service - Load Kernel Module configfs...
[    6.389181] systemd[1]: Starting modprobe@dm_mod.service - Load Kernel Module dm_mod...
[    6.396343] systemd[1]: Starting modprobe@drm.service - Load Kernel Module drm...
[    6.403175] systemd[1]: Starting modprobe@efi_pstore.service - Load Kernel Module efi_pstore...
[    6.409643] systemd[1]: Starting modprobe@fuse.service - Load Kernel Module fuse...
[    6.416379] systemd[1]: Starting modprobe@loop.service - Load Kernel Module loop...
[    6.417140] systemd[1]: systemd-fsck-root.service - File System Check on Root Device was skipped because of an unmet condition check (ConditionPathExists=!/run/initramfs/fsck-root).
[    6.426641] systemd[1]: Starting systemd-journald.service - Journal Service...
[    6.450275] systemd[1]: Starting systemd-modules-load.service - Load Kernel Modules...
[    6.457296] systemd[1]: Starting systemd-remount-fs.service - Remount Root and Kernel File Systems...
[    6.465426] device-mapper: ioctl: 4.48.0-ioctl (2023-03-01) initialised: dm-devel@lists.linux.dev
[    6.465446] systemd[1]: Starting systemd-udev-trigger.service - Coldplug All udev Devices...
[    6.487253] systemd[1]: Mounted dev-mqueue.mount - POSIX Message Queue File System.
[    6.488569] systemd[1]: Mounted sys-kernel-debug.mount - Kernel Debug File System.
[    6.489557] systemd[1]: Mounted sys-kernel-tracing.mount - Kernel Trace File System.
[    6.494588] systemd[1]: Finished fake-hwclock.service - Restore / save the current clock.
[    6.502893] systemd[1]: Finished kmod-static-nodes.service - Create List of Static Device Nodes.
[    6.505059] systemd[1]: modprobe@configfs.service: Deactivated successfully.
[    6.510913] fuse: init (API version 7.41)
[    6.511184] systemd[1]: Finished modprobe@configfs.service - Load Kernel Module configfs.
[    6.517554] systemd[1]: modprobe@dm_mod.service: Deactivated successfully.
[    6.522790] systemd[1]: Finished modprobe@dm_mod.service - Load Kernel Module dm_mod.
[    6.524580] systemd[1]: modprobe@drm.service: Deactivated successfully.
[    6.525223] systemd[1]: Finished modprobe@drm.service - Load Kernel Module drm.
[    6.527680] systemd[1]: modprobe@efi_pstore.service: Deactivated successfully.
[    6.528399] systemd[1]: Finished modprobe@efi_pstore.service - Load Kernel Module efi_pstore.
[    6.530295] systemd[1]: modprobe@fuse.service: Deactivated successfully.
[    6.531285] systemd[1]: Finished modprobe@fuse.service - Load Kernel Module fuse.
[    6.533371] systemd[1]: modprobe@loop.service: Deactivated successfully.
[    6.534227] systemd[1]: Finished modprobe@loop.service - Load Kernel Module loop.
[    6.540169] systemd[1]: Finished systemd-modules-load.service - Load Kernel Modules.
[    6.568202] EXT4-fs (mmcblk0p2): re-mounted d4cc7d63-da78-48ad-9bdd-64ffbba449a8 r/w.
[    6.578847] systemd[1]: Mounting sys-fs-fuse-connections.mount - FUSE Control File System...
[    6.583022] systemd[1]: Mounting sys-kernel-config.mount - Kernel Configuration File System...
[    6.583990] systemd[1]: systemd-repart.service - Repartition Root Disk was skipped because no trigger condition checks were met.
[    6.591796] systemd[1]: Starting systemd-sysctl.service - Apply Kernel Variables...
[    6.609999] systemd[1]: Finished systemd-remount-fs.service - Remount Root and Kernel File Systems.
[    6.611227] systemd[1]: Mounted sys-fs-fuse-connections.mount - FUSE Control File System.
[    6.612181] systemd[1]: Mounted sys-kernel-config.mount - Kernel Configuration File System.
[    6.613021] systemd[1]: systemd-firstboot.service - First Boot Wizard was skipped because of an unmet condition check (ConditionFirstBoot=yes).
[    6.613313] systemd[1]: systemd-pstore.service - Platform Persistent Storage Archival was skipped because of an unmet condition check (ConditionDirectoryNotEmpty=/sys/fs/pstore).
[    6.619107] systemd[1]: Starting systemd-random-seed.service - Load/Save Random Seed...
[    6.627171] systemd[1]: Starting systemd-sysusers.service - Create System Users...
[    6.628322] systemd[1]: Started systemd-journald.service - Journal Service.
[    6.736896] systemd-journald[224]: Received client request to flush runtime journal.
[    7.664726] rpi-gpiomem 3f200000.gpiomem: window base 0x3f200000 size 0x00001000
[    7.666203] rpi-gpiomem 3f200000.gpiomem: initialised 1 regions as /dev/gpiomem
[    7.668634] vc4-drm soc:gpu: bound 3f400000.hvs (ops vc4_hvs_ops [vc4])
[    7.685745] mc: Linux media interface: v0.10
[    7.688117] snd_bcm2835: module is from the staging directory, the quality is unknown, you have been warned.
[    7.707275] vc4-drm soc:gpu: bound 3f400000.hvs (ops vc4_hvs_ops [vc4])
[    7.793166] videodev: Linux video capture interface: v2.00
[    7.802708] vc4-drm soc:gpu: bound 3f400000.hvs (ops vc4_hvs_ops [vc4])
[    7.803654] Registered IR keymap rc-cec
[    7.803807] rc rc0: vc4-hdmi as /devices/platform/soc/3f902000.hdmi/rc/rc0
[    7.804007] input: vc4-hdmi as /devices/platform/soc/3f902000.hdmi/rc/rc0/input0
[    7.812798] input: vc4-hdmi HDMI Jack as /devices/platform/soc/3f902000.hdmi/sound/card0/input1
[    7.814357] vc4-drm soc:gpu: bound 3f902000.hdmi (ops vc4_hdmi_ops [vc4])
[    7.814891] vc4-drm soc:gpu: bound 3f004000.txp (ops vc4_txp_ops [vc4])
[    7.815238] vc4-drm soc:gpu: bound 3f206000.pixelvalve (ops vc4_crtc_ops [vc4])
[    7.815494] vc4-drm soc:gpu: bound 3f207000.pixelvalve (ops vc4_crtc_ops [vc4])
[    7.815714] vc4-drm soc:gpu: bound 3f807000.pixelvalve (ops vc4_crtc_ops [vc4])
[    7.815863] vc4-drm soc:gpu: bound 3fc00000.v3d (ops vc4_v3d_ops [vc4])
[    7.821631] [drm] Initialized vc4 0.0.0 for soc:gpu on minor 0
[    7.821968] vc4-drm soc:gpu: [drm] Cannot find any crtc or sizes
[    7.823709] vc4-drm soc:gpu: [drm] Cannot find any crtc or sizes
[    7.856048] vc_sm_cma: module is from the staging directory, the quality is unknown, you have been warned.
[    7.857325] bcm2835_vc_sm_cma_probe: Videocore shared memory driver
[    7.857366] [vc_sm_connected_init]: start
[    7.858490] [vc_sm_connected_init]: installed successfully
[    7.877030] bcm2835_mmal_vchiq: module is from the staging directory, the quality is unknown, you have been warned.
[    7.910358] bcm2835_isp: module is from the staging directory, the quality is unknown, you have been warned.
[    7.911730] bcm2835_v4l2: module is from the staging directory, the quality is unknown, you have been warned.
[    7.923230] bcm2835-isp bcm2835-isp: Device node output[0] registered as /dev/video13
[    7.924409] bcm2835_codec: module is from the staging directory, the quality is unknown, you have been warned.
[    7.927147] bcm2835-isp bcm2835-isp: Device node capture[0] registered as /dev/video14
[    7.927786] bcm2835-isp bcm2835-isp: Device node capture[1] registered as /dev/video15
[    7.928272] bcm2835-isp bcm2835-isp: Device node stats[2] registered as /dev/video16
[    7.928313] bcm2835-isp bcm2835-isp: Register output node 0 with media controller
[    7.928328] bcm2835-isp bcm2835-isp: Register capture node 1 with media controller
[    7.928340] bcm2835-isp bcm2835-isp: Register capture node 2 with media controller
[    7.928350] bcm2835-isp bcm2835-isp: Register capture node 3 with media controller
[    7.933845] bcm2835-isp bcm2835-isp: Device node output[0] registered as /dev/video20
[    7.934959] bcm2835-isp bcm2835-isp: Device node capture[0] registered as /dev/video21
[    7.935231] bcm2835-codec bcm2835-codec: Device registered as /dev/video10
[    7.935267] bcm2835-codec bcm2835-codec: Loaded V4L2 decode
[    7.935406] bcm2835-isp bcm2835-isp: Device node capture[1] registered as /dev/video22
[    7.935671] bcm2835-isp bcm2835-isp: Device node stats[2] registered as /dev/video23
[    7.935689] bcm2835-isp bcm2835-isp: Register output node 0 with media controller
[    7.935702] bcm2835-isp bcm2835-isp: Register capture node 1 with media controller
[    7.935713] bcm2835-isp bcm2835-isp: Register capture node 2 with media controller
[    7.935723] bcm2835-isp bcm2835-isp: Register capture node 3 with media controller
[    7.935901] bcm2835-isp bcm2835-isp: Loaded V4L2 bcm2835-isp
[    7.941966] bcm2835-codec bcm2835-codec: Device registered as /dev/video11
[    7.942021] bcm2835-codec bcm2835-codec: Loaded V4L2 encode
[    7.954715] bcm2835-codec bcm2835-codec: Device registered as /dev/video12
[    7.954781] bcm2835-codec bcm2835-codec: Loaded V4L2 isp
[    7.960614] bcm2835-codec bcm2835-codec: Device registered as /dev/video18
[    7.960667] bcm2835-codec bcm2835-codec: Loaded V4L2 image_fx
[    7.968792] bcm2835-codec bcm2835-codec: Device registered as /dev/video31
[    7.968857] bcm2835-codec bcm2835-codec: Loaded V4L2 encode_image
[    8.150740] Bluetooth: Core ver 2.22
[    8.150872] NET: Registered PF_BLUETOOTH protocol family
[    8.150881] Bluetooth: HCI device and connection manager initialized
[    8.150906] Bluetooth: HCI socket layer initialized
[    8.150918] Bluetooth: L2CAP socket layer initialized
[    8.150938] Bluetooth: SCO socket layer initialized
[    8.184748] Bluetooth: HCI UART driver ver 2.3
[    8.184783] Bluetooth: HCI UART protocol H4 registered
[    8.184929] Bluetooth: HCI UART protocol Three-wire (H5) registered
[    8.185322] hci_uart_bcm serial0-0: supply vbat not found, using dummy regulator
[    8.185487] hci_uart_bcm serial0-0: supply vddio not found, using dummy regulator
[    8.185654] Bluetooth: HCI UART protocol Broadcom registered
[    8.289842] cfg80211: Loading compiled-in X.509 certificates for regulatory database
[    8.342819] Loaded X.509 cert 'benh@debian.org: 577e021cb980e0e820821ba7b54b4961b8b4fadf'
[    8.343792] Loaded X.509 cert 'romain.perier@gmail.com: 3abbc6ec146e09d1b6016ab9d6cf71dd233f0328'
[    8.344742] Loaded X.509 cert 'sforshee: 00b28ddf47aef9cea7'
[    8.345677] Loaded X.509 cert 'wens: 61c038651aabdcf94bd0ac7ff06c7248db18c600'
[    8.535383] Bluetooth: hci0: BCM: chip id 94
[    8.535794] Bluetooth: hci0: BCM: features 0x2e
[    8.537067] Bluetooth: hci0: BCM43430A1
[    8.537092] Bluetooth: hci0: BCM43430A1 (001.002.009) build 0000
[    8.547237] Bluetooth: hci0: BCM43430A1 'brcm/BCM43430A1.raspberrypi,model-zero-2-w.hcd' Patch
[    8.560985] brcmfmac: F1 signature read @0x18000000=0x1541a9a6
[    8.566924] brcmfmac: brcmf_fw_alloc_request: using brcm/brcmfmac43430-sdio for chip BCM43430/1
[    8.567607] usbcore: registered new interface driver brcmfmac
[    8.780805] brcmfmac: brcmf_c_process_txcap_blob: no txcap_blob available (err=-2)
[    8.781420] brcmfmac: brcmf_c_preinit_dcmds: Firmware: BCM43430/1 wl0: Jun 14 2023 07:27:45 version 7.45.96.s1 (gf031a129) FWID 01-70bd2af7 es7
[    9.230652] Bluetooth: hci0: BCM: features 0x2e
[    9.232983] Bluetooth: hci0: BCM43436 37.4MHz Class 1.5 RaspBerry Pi Zero2 [Version: 1017.1042]
[    9.233043] Bluetooth: hci0: BCM43430A1 (001.002.009) build 1042
[    9.235392] Bluetooth: hci0: BCM: Using default device address (43:43:a1:12:1f:ac)
[    9.611084] Adding 524284k swap on /var/swap.  Priority:-2 extents:10 across:14163968k SS
[   10.056159] Bluetooth: BNEP (Ethernet Emulation) ver 1.3
[   10.056185] Bluetooth: BNEP filters: protocol multicast
[   10.056206] Bluetooth: BNEP socket layer initialized
[   10.065920] Bluetooth: MGMT ver 1.23
[   10.095749] NET: Registered PF_ALG protocol family
[   11.409449] brcmfmac: brcmf_cfg80211_set_power_mgmt: power save enabled
