[    0.000000] Booting Linux on physical CPU 0x0000000000 [0x410fd034]
[    0.000000] Linux version 6.12.34+rpt-rpi-v8 (serge@raspberrypi.com) (aarch64-linux-gnu-gcc-12 (Debian 12.2.0-14+deb12u1) 12.2.0, GNU ld (GNU Binutils for Debian) 2.40) #1 SMP PREEMPT Debian 1:6.12.34-1+rpt1~bookworm (2025-06-26)
[    0.000000] KASLR enabled
[    0.000000] random: crng init done
[    0.000000] Machine model: Raspberry Pi Zero 2 W Rev 1.0
[    0.000000] efi: UEFI not found.
[    0.000000] Reserved memory: created CMA memory pool at 0x000000000b800000, size 256 MiB
[    0.000000] OF: reserved mem: initialized node linux,cma, compatible id shared-dma-pool
[    0.000000] OF: reserved mem: 0x000000000b800000..0x000000001b7fffff (262144 KiB) map reusable linux,cma
[    0.000000] NUMA: Faking a node at [mem 0x0000000000000000-0x000000001bffffff]
[    0.000000] NODE_DATA(0) allocated [mem 0x0b79c800-0x0b79f4ff]
[    0.000000] Zone ranges:
[    0.000000]   DMA      [mem 0x0000000000000000-0x000000001bffffff]
[    0.000000]   DMA32    empty
[    0.000000]   Normal   empty
[    0.000000] Movable zone start for each node
[    0.000000] Early memory node ranges
[    0.000000]   node   0: [mem 0x0000000000000000-0x000000001bffffff]
[    0.000000] Initmem setup node 0 [mem 0x0000000000000000-0x000000001bffffff]
[    0.000000] On node 0, zone DMA: 16384 pages in unavailable ranges
[    0.000000] percpu: Embedded 33 pages/cpu s95064 r8192 d31912 u135168
[    0.000000] pcpu-alloc: s95064 r8192 d31912 u135168 alloc=33*4096
[    0.000000] pcpu-alloc: [0] 0 [0] 1 [0] 2 [0] 3 
[    0.000000] Detected VIPT I-cache on CPU0
[    0.000000] CPU features: kernel page table isolation forced ON by KASLR
[    0.000000] CPU features: detected: Kernel page table isolation (KPTI)
[    0.000000] CPU features: detected: ARM erratum 843419
[    0.000000] CPU features: detected: ARM erratum 845719
[    0.000000] alternatives: applying boot alternatives
[    0.000000] Kernel command line: coherent_pool=1M 8250.nr_uarts=0 snd_bcm2835.enable_headphones=0 cgroup_disable=memory snd_bcm2835.enable_hdmi=1 snd_bcm2835.enable_hdmi=0  smsc95xx.macaddr=B8:27:EB:D9:6E:93 vc_mem.mem_base=0x1ec00000 vc_mem.mem_size=0x20000000  console=ttyS0,115200 console=tty1 root=PARTUUID=a4c761b6-02 rootfstype=ext4 fsck.repair=yes rootwait cfg80211.ieee80211_regdom=NA
[    0.000000] cgroup: Disabling memory control group subsystem
[    0.000000] Dentry cache hash table entries: 32768 (order: 6, 262144 bytes, linear)
[    0.000000] Inode-cache hash table entries: 16384 (order: 5, 131072 bytes, linear)
[    0.000000] Fallback order for Node 0: 0 
[    0.000000] Built 1 zonelists, mobility grouping on.  Total pages: 114688
[    0.000000] Policy zone: DMA
[    0.000000] mem auto-init: stack:all(zero), heap alloc:off, heap free:off
[    0.000000] SLUB: HWalign=64, Order=0-3, MinObjects=0, CPUs=4, Nodes=1
[    0.000000] ftrace: allocating 45267 entries in 177 pages
[    0.000000] ftrace: allocated 177 pages with 4 groups
[    0.000000] rcu: Preemptible hierarchical RCU implementation.
[    0.000000] rcu: 	RCU event tracing is enabled.
[    0.000000] 	Trampoline variant of Tasks RCU enabled.
[    0.000000] 	Rude variant of Tasks RCU enabled.
[    0.000000] 	Tracing variant of Tasks RCU enabled.
[    0.000000] rcu: RCU calculated value of scheduler-enlistment delay is 25 jiffies.
[    0.000000] RCU Tasks: Setting shift to 2 and lim to 1 rcu_task_cb_adjust=1 rcu_task_cpu_ids=4.
[    0.000000] RCU Tasks Rude: Setting shift to 2 and lim to 1 rcu_task_cb_adjust=1 rcu_task_cpu_ids=4.
[    0.000000] RCU Tasks Trace: Setting shift to 2 and lim to 1 rcu_task_cb_adjust=1 rcu_task_cpu_ids=4.
[    0.000000] NR_IRQS: 64, nr_irqs: 64, preallocated irqs: 0
[    0.000000] Root IRQ handler: bcm2836_arm_irqchip_handle_irq
[    0.000000] rcu: srcu_init: Setting srcu_struct sizes based on contention.
[    0.000000] arch_timer: cp15 timer(s) running at 19.20MHz (phys).
[    0.000000] clocksource: arch_sys_counter: mask: 0xffffffffffffff max_cycles: 0x46d987e47, max_idle_ns: 440795202767 ns
[    0.000001] sched_clock: 56 bits at 19MHz, resolution 52ns, wraps every 4398046511078ns
[    0.000260] Console: colour dummy device 80x25
[    0.000273] printk: legacy console [tty1] enabled
[    0.000902] Calibrating delay loop (skipped), value calculated using timer frequency.. 38.40 BogoMIPS (lpj=76800)
[    0.000934] pid_max: default: 32768 minimum: 301
[    0.001009] LSM: initializing lsm=capability
[    0.001185] Mount-cache hash table entries: 512 (order: 0, 4096 bytes, linear)
[    0.001214] Mountpoint-cache hash table entries: 512 (order: 0, 4096 bytes, linear)
[    0.003624] rcu: Hierarchical SRCU implementation.
[    0.003662] rcu: 	Max phase no-delay instances is 1000.
[    0.003913] Timer migration: 1 hierarchy levels; 8 children per group; 1 crossnode level
[    0.005136] EFI services will not be available.
[    0.005402] smp: Bringing up secondary CPUs ...
[    0.006000] Detected VIPT I-cache on CPU1
[    0.006112] CPU1: Booted secondary processor 0x0000000001 [0x410fd034]
[    0.007013] Detected VIPT I-cache on CPU2
[    0.007093] CPU2: Booted secondary processor 0x0000000002 [0x410fd034]
[    0.007834] Detected VIPT I-cache on CPU3
[    0.007906] CPU3: Booted secondary processor 0x0000000003 [0x410fd034]
[    0.008145] smp: Brought up 1 node, 4 CPUs
[    0.008230] SMP: Total of 4 processors activated.
[    0.008244] CPU: All CPU(s) started at EL2
[    0.008269] CPU features: detected: 32-bit EL0 Support
[    0.008283] CPU features: detected: 32-bit EL1 Support
[    0.008300] CPU features: detected: CRC32 instructions
[    0.008362] alternatives: applying system-wide alternatives
[    0.009909] Memory: 146608K/458752K available (14144K kernel code, 2406K rwdata, 4820K rodata, 5440K init, 577K bss, 45360K reserved, 262144K cma-reserved)
[    0.010384] devtmpfs: initialized
[    0.018771] Enabled cp15_barrier support
[    0.018819] Enabled setend support
[    0.019000] clocksource: jiffies: mask: 0xffffffff max_cycles: 0xffffffff, max_idle_ns: 7645041785100000 ns
[    0.019037] futex hash table entries: 1024 (order: 4, 65536 bytes, linear)
[    0.028726] 2G module region forced by RANDOMIZE_MODULE_REGION_FULL
[    0.028779] 0 pages in range for non-PLT usage
[    0.028784] 517376 pages in range for PLT usage
[    0.029017] pinctrl core: initialized pinctrl subsystem
[    0.029645] DMI not present or invalid.
[    0.032188] NET: Registered PF_NETLINK/PF_ROUTE protocol family
[    0.036421] DMA: preallocated 1024 KiB GFP_KERNEL pool for atomic allocations
[    0.036731] DMA: preallocated 1024 KiB GFP_KERNEL|GFP_DMA pool for atomic allocations
[    0.037171] DMA: preallocated 1024 KiB GFP_KERNEL|GFP_DMA32 pool for atomic allocations
[    0.037248] audit: initializing netlink subsys (disabled)
[    0.037510] audit: type=2000 audit(0.036:1): state=initialized audit_enabled=0 res=1
[    0.038053] thermal_sys: Registered thermal governor 'step_wise'
[    0.038104] cpuidle: using governor menu
[    0.038327] hw-breakpoint: found 6 breakpoint and 4 watchpoint registers.
[    0.038451] ASID allocator initialised with 32768 entries
[    0.039182] Serial: AMBA PL011 UART driver
[    0.043455] bcm2835-mbox 3f00b880.mailbox: mailbox enabled
[    0.052269] raspberrypi-firmware soc:firmware: Attached to firmware from 2025-04-30T13:35:18, variant start
[    0.056259] raspberrypi-firmware soc:firmware: Firmware hash is 5560078dcc8591a00f57b9068d13e5544aeef3aa
[    0.065382] bcm2835-dma 3f007000.dma-controller: DMA legacy API manager, dmachans=0x1
[    0.066406] iommu: Default domain type: Translated
[    0.066427] iommu: DMA domain TLB invalidation policy: strict mode
[    0.067530] SCSI subsystem initialized
[    0.067743] usbcore: registered new interface driver usbfs
[    0.067833] usbcore: registered new interface driver hub
[    0.067889] usbcore: registered new device driver usb
[    0.068261] pps_core: LinuxPPS API ver. 1 registered
[    0.068278] pps_core: Software ver. 5.3.6 - Copyright 2005-2007 Rodolfo Giometti <giometti@linux.it>
[    0.068311] PTP clock support registered
[    0.069611] vgaarb: loaded
[    0.070073] clocksource: Switched to clocksource arch_sys_counter
[    0.070534] VFS: Disk quotas dquot_6.6.0
[    0.070572] VFS: Dquot-cache hash table entries: 512 (order 0, 4096 bytes)
[    0.077340] NET: Registered PF_INET protocol family
[    0.077496] IP idents hash table entries: 4096 (order: 3, 32768 bytes, linear)
[    0.078453] tcp_listen_portaddr_hash hash table entries: 256 (order: 0, 4096 bytes, linear)
[    0.078496] Table-perturb hash table entries: 65536 (order: 6, 262144 bytes, linear)
[    0.078524] TCP established hash table entries: 2048 (order: 2, 16384 bytes, linear)
[    0.078566] TCP bind hash table entries: 2048 (order: 4, 65536 bytes, linear)
[    0.078646] TCP: Hash tables configured (established 2048 bind 2048)
[    0.078856] MPTCP token hash table entries: 256 (order: 0, 6144 bytes, linear)
[    0.078913] UDP hash table entries: 256 (order: 1, 8192 bytes, linear)
[    0.078951] UDP-Lite hash table entries: 256 (order: 1, 8192 bytes, linear)
[    0.079096] NET: Registered PF_UNIX/PF_LOCAL protocol family
[    0.079584] RPC: Registered named UNIX socket transport module.
[    0.079605] RPC: Registered udp transport module.
[    0.079619] RPC: Registered tcp transport module.
[    0.079633] RPC: Registered tcp-with-tls transport module.
[    0.079647] RPC: Registered tcp NFSv4.1 backchannel transport module.
[    0.079672] PCI: CLS 0 bytes, default 64
[    0.080166] Trying to unpack rootfs image as initramfs...
[    0.087143] kvm [1]: nv: 554 coarse grained trap handlers
[    0.087776] kvm [1]: IPA Size Limit: 40 bits
[    0.089147] kvm [1]: Hyp nVHE mode initialized successfully
[    0.444378] Freeing initrd memory: 7496K
[    1.208605] Initialise system trusted keyrings
[    1.208947] workingset: timestamp_bits=42 max_order=17 bucket_order=0
[    1.209678] NFS: Registering the id_resolver key type
[    1.209718] Key type id_resolver registered
[    1.209733] Key type id_legacy registered
[    1.209764] nfs4filelayout_init: NFSv4 File Layout Driver Registering...
[    1.209783] nfs4flexfilelayout_init: NFSv4 Flexfile Layout Driver Registering...
[    1.210440] Key type asymmetric registered
[    1.210462] Asymmetric key parser 'x509' registered
[    1.210538] Block layer SCSI generic (bsg) driver version 0.4 loaded (major 247)
[    1.210728] io scheduler mq-deadline registered
[    1.210747] io scheduler kyber registered
[    1.210786] io scheduler bfq registered
[    1.212694] pinctrl-bcm2835 3f200000.gpio: GPIO_OUT persistence: yes
[    1.218218] ledtrig-cpu: registered to indicate activity on CPUs
[    1.220061] simple-framebuffer 1eaa9000.framebuffer: framebuffer at 0x1eaa9000, 0x151800 bytes
[    1.220111] simple-framebuffer 1eaa9000.framebuffer: format=a8r8g8b8, mode=720x480x32, linelength=2880
[    1.222794] Console: switching to colour frame buffer device 90x30
[    1.226044] simple-framebuffer 1eaa9000.framebuffer: fb0: simplefb registered!
[    1.231278] bcm2835-rng 3f104000.rng: hwrng registered
[    1.232658] vc-mem: phys_addr:0x00000000 mem_base=0x1ec00000 mem_size:0x20000000(512 MiB)
[    1.244522] brd: module loaded
[    1.250916] loop: module loaded
[    1.252663] Loading iSCSI transport class v2.0-870.
[    1.257489] usbcore: registered new interface driver lan78xx
[    1.258733] usbcore: registered new interface driver smsc95xx
[    1.260048] dwc_otg: version 3.00a 10-AUG-2012 (platform bus)
[    1.989120] Core Release: 2.80a
[    1.990209] Setting default values for core params
[    1.991296] Finished setting default values for core params
[    2.192566] Using Buffer DMA mode
[    2.193602] Periodic Transfer Interrupt Enhancement - disabled
[    2.194670] Multiprocessor Interrupt Enhancement - disabled
[    2.195749] OTG VER PARAM: 0, OTG VER FLAG: 0
[    2.196838] Dedicated Tx FIFOs mode
[    2.199782] INFO:: FIQ DMA bounce buffers: virt = ffffffc080cc3000 dma = 0x00000000cbc00000 len=9024
[    2.201993] FIQ FSM acceleration enabled for :
               Non-periodic Split Transactions
               Periodic Split Transactions
               High-Speed Isochronous Endpoints
               Interrupt/Control Split Transaction hack enabled
[    2.207074] dwc_otg: Microframe scheduler enabled
[    2.207120] INFO:: MPHI regs_base at ffffffc08006d000
[    2.208135] dwc_otg 3f980000.usb: DWC OTG Controller
[    2.209102] dwc_otg 3f980000.usb: new USB bus registered, assigned bus number 1
[    2.210079] dwc_otg 3f980000.usb: irq 74, io mem 0x00000000
[    2.211062] Init: Port Power? op_state=1
[    2.212002] Init: Power Port (0)
[    2.213093] usb usb1: New USB device found, idVendor=1d6b, idProduct=0002, bcdDevice= 6.12
[    2.215047] usb usb1: New USB device strings: Mfr=3, Product=2, SerialNumber=1
[    2.216088] usb usb1: Product: DWC OTG Controller
[    2.217118] usb usb1: Manufacturer: Linux 6.12.34+rpt-rpi-v8 dwc_otg_hcd
[    2.218185] usb usb1: SerialNumber: 3f980000.usb
[    2.219753] hub 1-0:1.0: USB hub found
[    2.220802] hub 1-0:1.0: 1 port detected
[    2.222277] dwc_otg: FIQ enabled
[    2.222284] dwc_otg: NAK holdoff enabled
[    2.222289] dwc_otg: FIQ split-transaction FSM enabled
[    2.222300] Module dwc_common_port init
[    2.223304] usbcore: registered new interface driver uas
[    2.224387] usbcore: registered new interface driver usb-storage
[    2.225755] mousedev: PS/2 mouse device common for all mice
[    2.228658] sdhci: Secure Digital Host Controller Interface driver
[    2.229670] sdhci: Copyright(c) Pierre Ossman
[    2.230812] sdhci-pltfm: SDHCI platform and OF driver helper
[    2.232066] hid: raw HID events driver (C) Jiri Kosina
[    2.233143] usbcore: registered new interface driver usbhid
[    2.234141] usbhid: USB HID core driver
[    2.235226] bcm2835_vchiq 3f00b840.mailbox: there is not valid maps for state default
[    2.240382] hw perfevents: enabled with armv8_cortex_a53 PMU driver, 7 (0,8000003f) counters available
[    2.243440] NET: Registered PF_PACKET protocol family
[    2.244615] Key type dns_resolver registered
[    2.268053] registered taskstats version 1
[    2.269333] Loading compiled-in X.509 certificates
[    2.279392] Demotion targets for Node 0: null
[    2.281223] Key type .fscrypt registered
[    2.282267] Key type fscrypt-provisioning registered
[    2.290288] uart-pl011 3f201000.serial: cts_event_workaround enabled
[    2.291642] 3f201000.serial: ttyAMA1 at MMIO 0x3f201000 (irq = 99, base_baud = 0) is a PL011 rev2
[    2.293838] serial serial0: tty port ttyAMA1 registered
[    2.298038] bcm2835-wdt bcm2835-wdt: Broadcom BCM2835 watchdog timer
[    2.299828] bcm2835-power bcm2835-power: Broadcom BCM2835 power domains driver
[    2.301966] mmc-bcm2835 3f300000.mmcnr: mmc_debug:0 mmc_debug2:0
[    2.303150] mmc-bcm2835 3f300000.mmcnr: DMA channel allocated
[    2.331005] of_cfs_init
[    2.332225] of_cfs_init: OK
[    2.333642] clk: Disabling unused clocks
[    2.335051] PM: genpd: Disabling unused power domains
[    2.405208] sdhost-bcm2835 3f202000.mmc: loaded - DMA enabled (>1)
[    2.413901] Freeing unused kernel memory: 5440K
[    2.415126] Run /init as init process
[    2.416144]   with arguments:
[    2.416149]     /init
[    2.416154]   with environment:
[    2.416158]     HOME=/
[    2.416163]     TERM=linux
[    2.444315] mmc1: new high speed SDIO card at address 0001
[    2.472514] mmc0: host does not support reading read-only switch, assuming write-enable
[    2.477623] mmc0: new high speed SDHC card at address 0001
[    2.479653] mmcblk0: mmc0:0001 asdfg 14.6 GiB
[    2.484192]  mmcblk0: p1 p2
[    2.485789] mmcblk0: mmc0:0001 asdfg 14.6 GiB
[    2.973051] Console: switching to colour dummy device 80x25
[    2.981450] vc4-drm soc:gpu: bound 3f400000.hvs (ops vc4_hvs_ops [vc4])
[    3.305002] EXT4-fs (mmcblk0p2): mounted filesystem d4cc7d63-da78-48ad-9bdd-64ffbba449a8 ro with ordered data mode. Quota mode: none.
[    4.016242] systemd[1]: System time before build time, advancing clock.
[    4.183810] NET: Registered PF_INET6 protocol family
[    4.184943] Segment Routing with IPv6
[    4.185003] In-situ OAM (IOAM) with IPv6
[    4.259817] systemd[1]: systemd 252.39-1~deb12u1 running in system mode (+PAM +AUDIT +SELINUX +APPARMOR +IMA +SMACK +SECCOMP +GCRYPT -GNUTLS +OPENSSL +ACL +BLKID +CURL +ELFUTILS +FIDO2 +IDN2 -IDN +IPTC +KMOD +LIBCRYPTSETUP +LIBFDISK +PCRE2 -PWQUALITY +P11KIT +QRENCODE +TPM2 +BZIP2 +LZ4 +XZ +ZLIB +ZSTD -BPF_FRAMEWORK -XKBCOMMON +UTMP +SYSVINIT default-hierarchy=unified)
[    4.259903] systemd[1]: Detected architecture arm64.
[    4.277631] systemd[1]: Hostname set to <rap>.
[    5.079764] systemd[1]: Queued start job for default target multi-user.target.
[    5.124725] systemd[1]: Created slice system-getty.slice - Slice /system/getty.
[    5.126627] systemd[1]: Created slice system-modprobe.slice - Slice /system/modprobe.
[    5.128224] systemd[1]: Created slice system-systemd\x2dfsck.slice - Slice /system/systemd-fsck.
[    5.129303] systemd[1]: Created slice user.slice - User and Session Slice.
[    5.129837] systemd[1]: Started systemd-ask-password-console.path - Dispatch Password Requests to Console Directory Watch.
[    5.130320] systemd[1]: Started systemd-ask-password-wall.path - Forward Password Requests to Wall Directory Watch.
[    5.131220] systemd[1]: Set up automount proc-sys-fs-binfmt_misc.automount - Arbitrary Executable File Formats File System Automount Point.
[    5.131540] systemd[1]: Expecting device dev-disk-by\x2dpartuuid-a4c761b6\x2d01.device - /dev/disk/by-partuuid/a4c761b6-01...
[    5.131789] systemd[1]: Reached target cryptsetup.target - Local Encrypted Volumes.
[    5.132057] systemd[1]: Reached target integritysetup.target - Local Integrity Protected Volumes.
[    5.132393] systemd[1]: Reached target paths.target - Path Units.
[    5.132675] systemd[1]: Reached target slices.target - Slice Units.
[    5.132942] systemd[1]: Reached target swap.target - Swaps.
[    5.133220] systemd[1]: Reached target veritysetup.target - Local Verity Protected Volumes.
[    5.133959] systemd[1]: Listening on systemd-fsckd.socket - fsck to fsckd communication Socket.
[    5.134561] systemd[1]: Listening on systemd-initctl.socket - initctl Compatibility Named Pipe.
[    5.135930] systemd[1]: Listening on systemd-journald-audit.socket - Journal Audit Socket.
[    5.136832] systemd[1]: Listening on systemd-journald-dev-log.socket - Journal Socket (/dev/log).
[    5.137643] systemd[1]: Listening on systemd-journald.socket - Journal Socket.
[    5.138681] systemd[1]: Listening on systemd-udevd-control.socket - udev Control Socket.
[    5.139391] systemd[1]: Listening on systemd-udevd-kernel.socket - udev Kernel Socket.
[    5.140215] systemd[1]: dev-hugepages.mount - Huge Pages File System was skipped because of an unmet condition check (ConditionPathExists=/sys/kernel/mm/hugepages).
[    5.143391] systemd[1]: Mounting dev-mqueue.mount - POSIX Message Queue File System...
[    5.147631] systemd[1]: Mounting sys-kernel-debug.mount - Kernel Debug File System...
[    5.152148] systemd[1]: Mounting sys-kernel-tracing.mount - Kernel Trace File System...
[    5.153209] systemd[1]: auth-rpcgss-module.service - Kernel Module supporting RPCSEC_GSS was skipped because of an unmet condition check (ConditionPathExists=/etc/krb5.keytab).
[    5.159129] systemd[1]: Starting fake-hwclock.service - Restore / save the current clock...
[    5.163735] systemd[1]: Starting keyboard-setup.service - Set the console keyboard layout...
[    5.169323] systemd[1]: Starting kmod-static-nodes.service - Create List of Static Device Nodes...
[    5.175502] systemd[1]: Starting modprobe@configfs.service - Load Kernel Module configfs...
[    5.181205] systemd[1]: Starting modprobe@dm_mod.service - Load Kernel Module dm_mod...
[    5.187915] systemd[1]: Starting modprobe@drm.service - Load Kernel Module drm...
[    5.193966] systemd[1]: Starting modprobe@efi_pstore.service - Load Kernel Module efi_pstore...
[    5.200084] systemd[1]: Starting modprobe@fuse.service - Load Kernel Module fuse...
[    5.206240] systemd[1]: Starting modprobe@loop.service - Load Kernel Module loop...
[    5.207111] systemd[1]: systemd-fsck-root.service - File System Check on Root Device was skipped because of an unmet condition check (ConditionPathExists=!/run/initramfs/fsck-root).
[    5.217229] systemd[1]: Starting systemd-journald.service - Journal Service...
[    5.234289] systemd[1]: Starting systemd-modules-load.service - Load Kernel Modules...
[    5.240353] systemd[1]: Starting systemd-remount-fs.service - Remount Root and Kernel File Systems...
[    5.247077] systemd[1]: Starting systemd-udev-trigger.service - Coldplug All udev Devices...
[    5.260839] systemd[1]: Mounted dev-mqueue.mount - POSIX Message Queue File System.
[    5.262952] device-mapper: ioctl: 4.48.0-ioctl (2023-03-01) initialised: dm-devel@lists.linux.dev
[    5.267418] systemd[1]: Mounted sys-kernel-debug.mount - Kernel Debug File System.
[    5.269060] systemd[1]: Mounted sys-kernel-tracing.mount - Kernel Trace File System.
[    5.275381] systemd[1]: Finished kmod-static-nodes.service - Create List of Static Device Nodes.
[    5.283127] fuse: init (API version 7.41)
[    5.287512] systemd[1]: Finished fake-hwclock.service - Restore / save the current clock.
[    5.289863] systemd[1]: modprobe@configfs.service: Deactivated successfully.
[    5.291304] systemd[1]: Finished modprobe@configfs.service - Load Kernel Module configfs.
[    5.293508] systemd[1]: modprobe@dm_mod.service: Deactivated successfully.
[    5.298483] systemd[1]: Finished modprobe@dm_mod.service - Load Kernel Module dm_mod.
[    5.300281] systemd[1]: modprobe@drm.service: Deactivated successfully.
[    5.301255] systemd[1]: Finished modprobe@drm.service - Load Kernel Module drm.
[    5.308118] systemd[1]: modprobe@efi_pstore.service: Deactivated successfully.
[    5.309108] systemd[1]: Finished modprobe@efi_pstore.service - Load Kernel Module efi_pstore.
[    5.312740] systemd[1]: modprobe@fuse.service: Deactivated successfully.
[    5.314254] systemd[1]: Finished modprobe@fuse.service - Load Kernel Module fuse.
[    5.319047] systemd[1]: modprobe@loop.service: Deactivated successfully.
[    5.322605] systemd[1]: Finished modprobe@loop.service - Load Kernel Module loop.
[    5.324188] systemd[1]: Finished systemd-modules-load.service - Load Kernel Modules.
[    5.352664] EXT4-fs (mmcblk0p2): re-mounted d4cc7d63-da78-48ad-9bdd-64ffbba449a8 r/w.
[    5.354730] systemd[1]: Mounting sys-fs-fuse-connections.mount - FUSE Control File System...
[    5.359701] systemd[1]: Mounting sys-kernel-config.mount - Kernel Configuration File System...
[    5.360385] systemd[1]: systemd-repart.service - Repartition Root Disk was skipped because no trigger condition checks were met.
[    5.366153] systemd[1]: Starting systemd-sysctl.service - Apply Kernel Variables...
[    5.379388] systemd[1]: Finished systemd-remount-fs.service - Remount Root and Kernel File Systems.
[    5.380534] systemd[1]: Mounted sys-fs-fuse-connections.mount - FUSE Control File System.
[    5.381345] systemd[1]: Mounted sys-kernel-config.mount - Kernel Configuration File System.
[    5.382302] systemd[1]: systemd-firstboot.service - First Boot Wizard was skipped because of an unmet condition check (ConditionFirstBoot=yes).
[    5.382597] systemd[1]: systemd-pstore.service - Platform Persistent Storage Archival was skipped because of an unmet condition check (ConditionDirectoryNotEmpty=/sys/fs/pstore).
[    5.390816] systemd[1]: Starting systemd-random-seed.service - Load/Save Random Seed...
[    5.396180] systemd[1]: Starting systemd-sysusers.service - Create System Users...
[    5.422589] systemd[1]: Started systemd-journald.service - Journal Service.
[    5.480255] systemd-journald[222]: Received client request to flush runtime journal.
[    6.501199] snd_bcm2835: module is from the staging directory, the quality is unknown, you have been warned.
[    6.507687] vc4-drm soc:gpu: bound 3f400000.hvs (ops vc4_hvs_ops [vc4])
[    6.511628] rpi-gpiomem 3f200000.gpiomem: window base 0x3f200000 size 0x00001000
[    6.514918] rpi-gpiomem 3f200000.gpiomem: initialised 1 regions as /dev/gpiomem
[    6.517733] vc4-drm soc:gpu: bound 3f400000.hvs (ops vc4_hvs_ops [vc4])
[    6.529716] vc4-drm soc:gpu: bound 3f400000.hvs (ops vc4_hvs_ops [vc4])
[    6.531015] Registered IR keymap rc-cec
[    6.531259] rc rc0: vc4-hdmi as /devices/platform/soc/3f902000.hdmi/rc/rc0
[    6.531493] input: vc4-hdmi as /devices/platform/soc/3f902000.hdmi/rc/rc0/input0
[    6.550215] mc: Linux media interface: v0.10
[    6.557081] input: vc4-hdmi HDMI Jack as /devices/platform/soc/3f902000.hdmi/sound/card0/input1
[    6.558472] vc4-drm soc:gpu: bound 3f902000.hdmi (ops vc4_hdmi_ops [vc4])
[    6.558813] vc4-drm soc:gpu: bound 3f004000.txp (ops vc4_txp_ops [vc4])
[    6.558993] vc4-drm soc:gpu: bound 3f206000.pixelvalve (ops vc4_crtc_ops [vc4])
[    6.559151] vc4-drm soc:gpu: bound 3f207000.pixelvalve (ops vc4_crtc_ops [vc4])
[    6.559314] vc4-drm soc:gpu: bound 3f807000.pixelvalve (ops vc4_crtc_ops [vc4])
[    6.559439] vc4-drm soc:gpu: bound 3fc00000.v3d (ops vc4_v3d_ops [vc4])
[    6.574288] [drm] Initialized vc4 0.0.0 for soc:gpu on minor 0
[    6.574824] vc4-drm soc:gpu: [drm] Cannot find any crtc or sizes
[    6.576559] vc4-drm soc:gpu: [drm] Cannot find any crtc or sizes
[    6.657056] videodev: Linux video capture interface: v2.00
[    6.807743] vc_sm_cma: module is from the staging directory, the quality is unknown, you have been warned.
[    6.810405] bcm2835_vc_sm_cma_probe: Videocore shared memory driver
[    6.810449] [vc_sm_connected_init]: start
[    6.819392] [vc_sm_connected_init]: installed successfully
[    6.829980] bcm2835_mmal_vchiq: module is from the staging directory, the quality is unknown, you have been warned.
[    6.844992] bcm2835_isp: module is from the staging directory, the quality is unknown, you have been warned.
[    6.862225] bcm2835_v4l2: module is from the staging directory, the quality is unknown, you have been warned.
[    6.864986] bcm2835_codec: module is from the staging directory, the quality is unknown, you have been warned.
[    6.877313] bcm2835-isp bcm2835-isp: Device node output[0] registered as /dev/video13
[    6.877920] bcm2835-isp bcm2835-isp: Device node capture[0] registered as /dev/video14
[    6.878481] bcm2835-isp bcm2835-isp: Device node capture[1] registered as /dev/video15
[    6.878832] bcm2835-isp bcm2835-isp: Device node stats[2] registered as /dev/video16
[    6.878865] bcm2835-isp bcm2835-isp: Register output node 0 with media controller
[    6.878879] bcm2835-isp bcm2835-isp: Register capture node 1 with media controller
[    6.878891] bcm2835-isp bcm2835-isp: Register capture node 2 with media controller
[    6.878901] bcm2835-isp bcm2835-isp: Register capture node 3 with media controller
[    6.883479] bcm2835-codec bcm2835-codec: Device registered as /dev/video10
[    6.883540] bcm2835-codec bcm2835-codec: Loaded V4L2 decode
[    6.887020] bcm2835-isp bcm2835-isp: Device node output[0] registered as /dev/video20
[    6.890481] bcm2835-isp bcm2835-isp: Device node capture[0] registered as /dev/video21
[    6.890740] bcm2835-codec bcm2835-codec: Device registered as /dev/video11
[    6.890780] bcm2835-codec bcm2835-codec: Loaded V4L2 encode
[    6.890921] bcm2835-isp bcm2835-isp: Device node capture[1] registered as /dev/video22
[    6.891229] bcm2835-isp bcm2835-isp: Device node stats[2] registered as /dev/video23
[    6.891258] bcm2835-isp bcm2835-isp: Register output node 0 with media controller
[    6.891273] bcm2835-isp bcm2835-isp: Register capture node 1 with media controller
[    6.891284] bcm2835-isp bcm2835-isp: Register capture node 2 with media controller
[    6.891295] bcm2835-isp bcm2835-isp: Register capture node 3 with media controller
[    6.891514] bcm2835-isp bcm2835-isp: Loaded V4L2 bcm2835-isp
[    6.894117] bcm2835-codec bcm2835-codec: Device registered as /dev/video12
[    6.894189] bcm2835-codec bcm2835-codec: Loaded V4L2 isp
[    6.896661] bcm2835-codec bcm2835-codec: Device registered as /dev/video18
[    6.896716] bcm2835-codec bcm2835-codec: Loaded V4L2 image_fx
[    6.914825] bcm2835-codec bcm2835-codec: Device registered as /dev/video31
[    6.914881] bcm2835-codec bcm2835-codec: Loaded V4L2 encode_image
[    7.046671] Bluetooth: Core ver 2.22
[    7.046794] NET: Registered PF_BLUETOOTH protocol family
[    7.046802] Bluetooth: HCI device and connection manager initialized
[    7.046824] Bluetooth: HCI socket layer initialized
[    7.046836] Bluetooth: L2CAP socket layer initialized
[    7.046855] Bluetooth: SCO socket layer initialized
[    7.104257] Bluetooth: HCI UART driver ver 2.3
[    7.104286] Bluetooth: HCI UART protocol H4 registered
[    7.104396] Bluetooth: HCI UART protocol Three-wire (H5) registered
[    7.105022] hci_uart_bcm serial0-0: supply vbat not found, using dummy regulator
[    7.105258] hci_uart_bcm serial0-0: supply vddio not found, using dummy regulator
[    7.113525] Bluetooth: HCI UART protocol Broadcom registered
[    7.334728] cfg80211: Loading compiled-in X.509 certificates for regulatory database
[    7.376884] Loaded X.509 cert 'benh@debian.org: 577e021cb980e0e820821ba7b54b4961b8b4fadf'
[    7.377881] Loaded X.509 cert 'romain.perier@gmail.com: 3abbc6ec146e09d1b6016ab9d6cf71dd233f0328'
[    7.378959] Loaded X.509 cert 'sforshee: 00b28ddf47aef9cea7'
[    7.379974] Loaded X.509 cert 'wens: 61c038651aabdcf94bd0ac7ff06c7248db18c600'
[    7.459417] Bluetooth: hci0: BCM: chip id 94
[    7.459819] Bluetooth: hci0: BCM: features 0x2e
[    7.462741] Bluetooth: hci0: BCM43430A1
[    7.462766] Bluetooth: hci0: BCM43430A1 (001.002.009) build 0000
[    7.478910] brcmfmac: F1 signature read @0x18000000=0x1541a9a6
[    7.481103] Bluetooth: hci0: BCM43430A1 'brcm/BCM43430A1.raspberrypi,model-zero-2-w.hcd' Patch
[    7.484320] brcmfmac: brcmf_fw_alloc_request: using brcm/brcmfmac43430-sdio for chip BCM43430/1
[    7.484847] usbcore: registered new interface driver brcmfmac
[    7.691146] brcmfmac: brcmf_c_process_txcap_blob: no txcap_blob available (err=-2)
[    7.691717] brcmfmac: brcmf_c_preinit_dcmds: Firmware: BCM43430/1 wl0: Jun 14 2023 07:27:45 version 7.45.96.s1 (gf031a129) FWID 01-70bd2af7 es7
[    8.147763] Bluetooth: hci0: BCM: features 0x2e
[    8.149537] Bluetooth: hci0: BCM43436 37.4MHz Class 1.5 RaspBerry Pi Zero2 [Version: 1017.1042]
[    8.149555] Bluetooth: hci0: BCM43430A1 (001.002.009) build 1042
[    8.150221] Bluetooth: hci0: BCM: Using default device address (43:43:a1:12:1f:ac)
[    8.464346] Adding 524284k swap on /var/swap.  Priority:-2 extents:10 across:14163968k SS
[    8.812631] Bluetooth: BNEP (Ethernet Emulation) ver 1.3
[    8.812654] Bluetooth: BNEP filters: protocol multicast
[    8.812676] Bluetooth: BNEP socket layer initialized
[    8.825163] Bluetooth: MGMT ver 1.23
[    8.863326] NET: Registered PF_ALG protocol family
[   10.288186] brcmfmac: brcmf_cfg80211_set_power_mgmt: power save enabled
